c:\users\paul\dropbox\private\spg\2019\lab 6\spg_lab6_sistemsolar_complet\spgopengl\spgopengl\x64\debug\vc140.pdb
c:\users\paul\dropbox\private\spg\2019\lab 6\spg_lab6_sistemsolar_complet\spgopengl\spgopengl\x64\debug\vc140.idb
c:\users\paul\dropbox\private\spg\2019\lab 6\spg_lab6_sistemsolar_complet\spgopengl\spgopengl\x64\debug\main.obj
c:\users\paul\dropbox\private\spg\2019\lab 7\spgopengl_sfera_lab7\spgopengl\x64\debug\vc140.pdb
c:\users\paul\dropbox\private\spg\2019\lab 7\spgopengl_sfera_lab7\spgopengl\x64\debug\vc140.idb
c:\users\paul\dropbox\private\spg\2019\lab 7\spgopengl_sfera_lab7\spgopengl\x64\debug\main.obj
c:\users\paul\dropbox\private\spg\2019\lab 7\spg_sfera_lab7_stud\spgopengl\x64\debug\vc140.pdb
c:\users\paul\dropbox\private\spg\2019\lab 7\spg_sfera_lab7_stud\spgopengl\x64\debug\vc140.idb
c:\users\paul\dropbox\private\spg\2019\lab 7\spg_sfera_lab7_stud\spgopengl\x64\debug\main.obj
c:\users\paul\dropbox\private\spg\2019\lab 6\spg_lab6_sistemsolar_complet\spgopengl\x64\debug\spgopengl.ilk
c:\users\paul\dropbox\private\spg\2019\lab 6\spg_lab6_sistemsolar_complet\spgopengl\x64\debug\spgopengl.exe
c:\users\paul\dropbox\private\spg\2019\lab 6\spg_lab6_sistemsolar_complet\spgopengl\x64\debug\spgopengl.pdb
c:\users\paul\dropbox\private\spg\2019\lab 7\spgopengl_sfera_lab7\x64\debug\spgopengl.ilk
c:\users\paul\dropbox\private\spg\2019\lab 7\spgopengl_sfera_lab7\x64\debug\spgopengl.exe
c:\users\paul\dropbox\private\spg\2019\lab 7\spgopengl_sfera_lab7\x64\debug\spgopengl.pdb
c:\users\paul\dropbox\private\spg\2019\lab 7\spg_sfera_lab7_stud\x64\debug\spgopengl.ilk
c:\users\paul\dropbox\private\spg\2019\lab 7\spg_sfera_lab7_stud\x64\debug\spgopengl.exe
c:\users\paul\dropbox\private\spg\2019\lab 7\spg_sfera_lab7_stud\x64\debug\spgopengl.pdb
c:\users\paul\dropbox\private\spg\2019\lab 7\spg_sfera_lab7_stud\spgopengl\x64\debug\spgopengl.tlog\cl.command.1.tlog
c:\users\paul\dropbox\private\spg\2019\lab 7\spg_sfera_lab7_stud\spgopengl\x64\debug\spgopengl.tlog\cl.read.1.tlog
c:\users\paul\dropbox\private\spg\2019\lab 7\spg_sfera_lab7_stud\spgopengl\x64\debug\spgopengl.tlog\cl.write.1.tlog
c:\users\paul\dropbox\private\spg\2019\lab 7\spg_sfera_lab7_stud\spgopengl\x64\debug\spgopengl.tlog\link.command.1.tlog
c:\users\paul\dropbox\private\spg\2019\lab 7\spg_sfera_lab7_stud\spgopengl\x64\debug\spgopengl.tlog\link.read.1.tlog
c:\users\paul\dropbox\private\spg\2019\lab 7\spg_sfera_lab7_stud\spgopengl\x64\debug\spgopengl.tlog\link.write.1.tlog
